\BOOKMARK [1][-]{section*.1}{\376\377\000A\000b\000s\000t\000r\000a\000c\000t}{}% 1
\BOOKMARK [1][-]{section.1}{\376\377\0001\000\040\000I\000n\000t\000r\000o\000d\000u\000c\000t\000i\000o\000n}{}% 2
\BOOKMARK [1][-]{section.2}{\376\377\0002\000\040\000B\000a\000c\000k\000g\000r\000o\000u\000n\000d\000\040\000a\000n\000d\000\040\000M\000o\000t\000i\000v\000a\000t\000i\000o\000n}{}% 3
\BOOKMARK [1][-]{section.3}{\376\377\0003\000\040\000P\000r\000o\000b\000l\000e\000m\000\040\000F\000o\000r\000m\000u\000l\000a\000t\000i\000o\000n\000\040\000a\000n\000d\000\040\000C\000l\000a\000i\000m\000\040\000S\000t\000r\000u\000c\000t\000u\000r\000e}{}% 4
\BOOKMARK [2][-]{subsection.3.1}{\376\377\0003\000.\0001\000\040\000F\000o\000u\000r\000\040\000C\000a\000n\000d\000i\000d\000a\000t\000e\000\040\000S\000c\000h\000e\000d\000u\000l\000i\000n\000g\000\040\000S\000i\000g\000n\000a\000l\000s}{section.3}% 5
\BOOKMARK [2][-]{subsection.3.2}{\376\377\0003\000.\0002\000\040\000L\000a\000y\000e\000r\000e\000d\000\040\000C\000l\000a\000i\000m\000s}{section.3}% 6
\BOOKMARK [1][-]{section.4}{\376\377\0004\000\040\000M\000e\000a\000s\000u\000r\000e\000m\000e\000n\000t\000\040\000S\000e\000t\000u\000p\000\040\000a\000n\000d\000\040\000P\000r\000o\000t\000o\000c\000o\000l}{}% 7
\BOOKMARK [2][-]{subsection.4.1}{\376\377\0004\000.\0001\000\040\000E\000n\000v\000i\000r\000o\000n\000m\000e\000n\000t\000,\000\040\000P\000o\000l\000i\000c\000y\000,\000\040\000a\000n\000d\000\040\000O\000b\000s\000e\000r\000v\000a\000t\000i\000o\000n\000\040\000M\000o\000d\000e\000l}{section.4}% 8
\BOOKMARK [2][-]{subsection.4.2}{\376\377\0004\000.\0002\000\040\000T\000r\000a\000j\000e\000c\000t\000o\000r\000y\000\040\000B\000a\000s\000e\000\040\000a\000n\000d\000\040\000S\000p\000l\000i\000t\000s}{section.4}% 9
\BOOKMARK [2][-]{subsection.4.3}{\376\377\0004\000.\0003\000\040\000A\000c\000t\000i\000o\000n\000\040\000D\000i\000v\000e\000r\000g\000e\000n\000c\000e\000\040\000a\000n\000d\000\040\000T\000r\000i\000g\000g\000e\000r\000\040\000M\000e\000t\000r\000i\000c\000s}{section.4}% 10
\BOOKMARK [2][-]{subsection.4.4}{\376\377\0004\000.\0004\000\040\000F\000r\000e\000e\000z\000i\000n\000g\000\040\000a\000n\000d\000\040\000S\000t\000a\000t\000i\000s\000t\000i\000c\000s}{section.4}% 11
\BOOKMARK [1][-]{section.5}{\376\377\0005\000\040\000S\000e\000l\000e\000c\000t\000i\000n\000g\000\040\000t\000h\000e\000\040\000S\000h\000a\000r\000e\000d\000\040\000P\000r\000e\000d\000i\000c\000t\000o\000r}{}% 12
\BOOKMARK [1][-]{section.6}{\376\377\0006\000\040\000A\000c\000t\000D\000e\000l\000t\000a\000\040\000T\000r\000i\000g\000g\000e\000r\000\040\000D\000e\000s\000i\000g\000n}{}% 13
\BOOKMARK [2][-]{subsection.6.1}{\376\377\0006\000.\0001\000\040\000L\000a\000t\000e\000n\000t\000\040\000D\000e\000c\000i\000s\000i\000o\000n\000\040\000H\000e\000a\000d}{section.6}% 14
\BOOKMARK [2][-]{subsection.6.2}{\376\377\0006\000.\0002\000\040\000B\000u\000d\000g\000e\000t\000e\000d\000\040\000T\000r\000a\000n\000s\000m\000i\000s\000s\000i\000o\000n\000\040\000R\000u\000l\000e}{section.6}% 15
\BOOKMARK [2][-]{subsection.6.3}{\376\377\0006\000.\0003\000\040\000S\000y\000n\000c\000h\000r\000o\000n\000i\000z\000a\000t\000i\000o\000n\000\040\000B\000o\000u\000n\000d\000a\000r\000y}{section.6}% 16
\BOOKMARK [1][-]{section.7}{\376\377\0007\000\040\000F\000i\000d\000e\000l\000i\000t\000y\000\040\000D\000o\000e\000s\000\040\000N\000o\000t\000\040\000R\000a\000n\000k\000\040\000D\000e\000c\000i\000s\000i\000o\000n\000\040\000R\000e\000l\000e\000v\000a\000n\000c\000e}{}% 17
\BOOKMARK [1][-]{section.8}{\376\377\0008\000\040\000D\000e\000c\000i\000s\000i\000o\000n\000\040\000R\000e\000l\000e\000v\000a\000n\000c\000e\000\040\000I\000s\000\040\000L\000e\000a\000r\000n\000a\000b\000l\000e\000\040\000O\000f\000f\000l\000i\000n\000e}{}% 18
\BOOKMARK [1][-]{section.9}{\376\377\0009\000\040\000I\000m\000p\000l\000e\000m\000e\000n\000t\000a\000t\000i\000o\000n\000\040\000a\000n\000d\000\040\000E\000v\000a\000l\000u\000a\000t\000i\000o\000n\000\040\000M\000a\000t\000r\000i\000x}{}% 19
\BOOKMARK [1][-]{section.10}{\376\377\0001\0000\000\040\000C\000l\000o\000s\000e\000d\000-\000L\000o\000o\000p\000\040\000E\000v\000a\000l\000u\000a\000t\000i\000o\000n}{}% 20
\BOOKMARK [2][-]{subsection.10.1}{\376\377\0001\0000\000.\0001\000\040\000S\000u\000c\000c\000e\000s\000s\040\023\000H\000o\000r\000i\000z\000o\000n\000\040\000F\000r\000o\000n\000t\000i\000e\000r}{section.10}% 21
\BOOKMARK [2][-]{subsection.10.2}{\376\377\0001\0000\000.\0002\000\040\000E\000x\000p\000l\000o\000r\000a\000t\000i\000o\000n\000\040\000a\000n\000d\000\040\000F\000r\000o\000z\000e\000n\000\040\000B\000l\000i\000n\000d\000\040\000T\000e\000s\000t}{section.10}% 22
\BOOKMARK [2][-]{subsection.10.3}{\376\377\0001\0000\000.\0003\000\040\000T\000h\000e\000\040\000F\000u\000l\000l\000\040\000B\000u\000d\000g\000e\000t\000\040\000S\000w\000e\000e\000p}{section.10}% 23
\BOOKMARK [2][-]{subsection.10.4}{\376\377\0001\0000\000.\0004\000\040\000O\000r\000a\000c\000l\000e\000\040\000D\000i\000a\000g\000n\000o\000s\000t\000i\000c}{section.10}% 24
\BOOKMARK [2][-]{subsection.10.5}{\376\377\0001\0000\000.\0005\000\040\000W\000h\000a\000t\000\040\000t\000h\000e\000\040\000D\000e\000s\000i\000g\000n\000\040\000C\000a\000n\000\040\000R\000e\000s\000o\000l\000v\000e}{section.10}% 25
\BOOKMARK [1][-]{section.11}{\376\377\0001\0001\000\040\000I\000n\000t\000e\000r\000p\000r\000e\000t\000i\000n\000g\000\040\000t\000h\000e\000\040\000O\000f\000f\000l\000i\000n\000e\000-\000t\000o\000-\000O\000n\000l\000i\000n\000e\000\040\000G\000a\000p}{}% 26
\BOOKMARK [2][-]{subsection.11.1}{\376\377\0001\0001\000.\0001\000\040\000S\000c\000h\000e\000d\000u\000l\000i\000n\000g\000\040\000C\000h\000a\000n\000g\000e\000s\000\040\000t\000h\000e\000\040\000A\000g\000e\000\040\000D\000i\000s\000t\000r\000i\000b\000u\000t\000i\000o\000n}{section.11}% 27
\BOOKMARK [2][-]{subsection.11.2}{\376\377\0001\0001\000.\0002\000\040\000T\000h\000e\000\040\000T\000a\000r\000g\000e\000t\000\040\000D\000o\000e\000s\000\040\000N\000o\000t\000\040\000T\000r\000a\000c\000k\000\040\000t\000h\000e\000\040\000O\000u\000t\000c\000o\000m\000e}{section.11}% 28
\BOOKMARK [2][-]{subsection.11.3}{\376\377\0001\0001\000.\0003\000\040\000T\000h\000e\000\040\000R\000e\000c\000o\000v\000e\000r\000y\000\040\000C\000h\000a\000n\000n\000e\000l\000\040\000A\000b\000s\000o\000r\000b\000s\000\040\000t\000h\000e\000\040\000C\000o\000s\000t}{section.11}% 29
\BOOKMARK [2][-]{subsection.11.4}{\376\377\0001\0001\000.\0004\000\040\000E\000s\000t\000a\000b\000l\000i\000s\000h\000e\000d\000\040\000R\000e\000s\000u\000l\000t\000s\000\040\000a\000n\000d\000\040\000T\000e\000s\000t\000a\000b\000l\000e\000\040\000M\000e\000c\000h\000a\000n\000i\000s\000m\000s}{section.11}% 30
\BOOKMARK [2][-]{subsection.11.5}{\376\377\0001\0001\000.\0005\000\040\000I\000m\000p\000l\000i\000c\000a\000t\000i\000o\000n\000s\000\040\000f\000o\000r\000\040\000A\000c\000t\000D\000e\000l\000t\000a}{section.11}% 31
\BOOKMARK [2][-]{subsection.11.6}{\376\377\0001\0001\000.\0006\000\040\000A\000\040\000R\000e\000v\000i\000s\000e\000d\000\040\000R\000e\000s\000e\000a\000r\000c\000h\000\040\000P\000r\000o\000g\000r\000a\000m}{section.11}% 32
\BOOKMARK [2][-]{subsection.11.7}{\376\377\0001\0001\000.\0007\000\040\000W\000h\000y\000\040\000t\000h\000e\000\040\000N\000e\000g\000a\000t\000i\000v\000e\000\040\000R\000e\000s\000u\000l\000t\000\040\000I\000s\000\040\000a\000\040\000S\000y\000s\000t\000e\000m\000s\000\040\000R\000e\000s\000u\000l\000t}{section.11}% 33
\BOOKMARK [1][-]{section.12}{\376\377\0001\0002\000\040\000C\000o\000m\000m\000u\000n\000i\000c\000a\000t\000i\000o\000n\000\040\000A\000c\000c\000o\000u\000n\000t\000i\000n\000g\000\040\000a\000n\000d\000\040\000O\000n\000-\000D\000e\000v\000i\000c\000e\000\040\000C\000o\000s\000t}{}% 34
\BOOKMARK [1][-]{section.13}{\376\377\0001\0003\000\040\000R\000e\000l\000a\000t\000e\000d\000\040\000W\000o\000r\000k}{}% 35
\BOOKMARK [1][-]{section.14}{\376\377\0001\0004\000\040\000S\000c\000o\000p\000e\000\040\000a\000n\000d\000\040\000L\000i\000m\000i\000t\000a\000t\000i\000o\000n\000s}{}% 36
\BOOKMARK [1][-]{section.15}{\376\377\0001\0005\000\040\000C\000o\000n\000c\000l\000u\000s\000i\000o\000n}{}% 37
\BOOKMARK [1][-]{section*.40}{\376\377\000R\000e\000f\000e\000r\000e\000n\000c\000e\000s}{}% 38
